[2026-08-17T19:45:24.522Z] --- ATTEMPTING TO SEND EMAIL TO: xasancumar063@gmail.com ---
[2026-08-17T19:45:24.525Z] ENV Check -> EMAIL_USER: cumarxirsi063@gmail.com, EMAIL_PASS: SET
[2026-08-17T19:45:24.528Z] Calling transporter.sendMail for xasancumar063@gmail.com...
[2026-08-17T19:45:27.403Z] ✅ Email successfully sent to xasancumar063@gmail.com — ID: <d8d39beb-144e-11b4-f312-6d69535481c1@gmail.com>
[2026-08-17T20:49:10.975Z] --- ATTEMPTING TO SEND EMAIL TO: xasancumar063@gmail.com ---
[2026-08-17T20:49:10.977Z] ENV Check -> EMAIL_USER: cumarxirsi063@gmail.com, EMAIL_PASS: SET
[2026-08-17T20:49:10.980Z] Calling transporter.sendMail for xasancumar063@gmail.com...
[2026-08-17T20:49:10.995Z] --- ATTEMPTING TO SEND EMAIL TO: faarax@gmail.com ---
[2026-08-17T20:49:10.997Z] ENV Check -> EMAIL_USER: cumarxirsi063@gmail.com, EMAIL_PASS: SET
[2026-08-17T20:49:10.998Z] Calling transporter.sendMail for faarax@gmail.com...
[2026-08-17T20:49:14.677Z] ✅ Email successfully sent to xasancumar063@gmail.com — ID: <a1b0e2e3-9e3b-9ecd-188f-f37e460c4c52@gmail.com>
[2026-08-17T20:49:15.555Z] ✅ Email successfully sent to faarax@gmail.com — ID: <3a07fa72-6449-73ee-cc9b-c2fd42ce16fa@gmail.com>
[2026-08-17T21:00:46.220Z] --- ATTEMPTING TO SEND EMAIL TO: xasancumar063@gmail.com ---
[2026-08-17T21:00:46.222Z] ENV Check -> EMAIL_USER: cumarxirsi063@gmail.com, EMAIL_PASS: SET
[2026-08-17T21:00:46.225Z] Calling transporter.sendMail for xasancumar063@gmail.com...
[2026-08-17T21:00:46.237Z] --- ATTEMPTING TO SEND EMAIL TO: faarax@gmail.com ---
[2026-08-17T21:00:46.238Z] ENV Check -> EMAIL_USER: cumarxirsi063@gmail.com, EMAIL_PASS: SET
[2026-08-17T21:00:46.240Z] Calling transporter.sendMail for faarax@gmail.com...
[2026-08-17T21:00:50.489Z] ✅ Email successfully sent to xasancumar063@gmail.com — ID: <a814be8e-a7f4-a905-f9b2-fd78d51a1cd4@gmail.com>
[2026-08-17T21:00:50.710Z] ✅ Email successfully sent to faarax@gmail.com — ID: <d92811f7-0c5b-65a5-82a7-c45ab32a3e14@gmail.com>
[2026-08-18T07:18:29.332Z] --- ATTEMPTING TO SEND EMAIL TO: xasancumar063@gmail.com ---
[2026-08-18T07:18:29.336Z] ENV Check -> EMAIL_USER: cumarxirsi063@gmail.com, EMAIL_PASS: SET
[2026-08-18T07:18:29.341Z] Calling transporter.sendMail for xasancumar063@gmail.com...
[2026-08-18T07:18:29.359Z] --- ATTEMPTING TO SEND EMAIL TO: faarax@gmail.com ---
[2026-08-18T07:18:29.361Z] ENV Check -> EMAIL_USER: cumarxirsi063@gmail.com, EMAIL_PASS: SET
[2026-08-18T07:18:29.363Z] Calling transporter.sendMail for faarax@gmail.com...
[2026-08-18T07:18:32.292Z] ✅ Email successfully sent to faarax@gmail.com — ID: <1b478af6-0c45-587f-279a-5db2922d7a97@gmail.com>
[2026-08-18T07:18:32.387Z] ✅ Email successfully sent to xasancumar063@gmail.com — ID: <49537063-0d0a-9575-6877-953d6239e3e9@gmail.com>
[2026-08-18T07:34:42.715Z] --- ATTEMPTING TO SEND EMAIL TO: xasancumar063@gmail.com ---
[2026-08-18T07:34:42.717Z] ENV Check -> EMAIL_USER: cumarxirsi063@gmail.com, EMAIL_PASS: SET
[2026-08-18T07:34:42.722Z] Calling transporter.sendMail for xasancumar063@gmail.com...
[2026-08-18T07:34:42.737Z] --- ATTEMPTING TO SEND EMAIL TO: faarax@gmail.com ---
[2026-08-18T07:34:42.740Z] ENV Check -> EMAIL_USER: cumarxirsi063@gmail.com, EMAIL_PASS: SET
[2026-08-18T07:34:42.742Z] Calling transporter.sendMail for faarax@gmail.com...
[2026-08-18T07:34:45.609Z] ✅ Email successfully sent to xasancumar063@gmail.com — ID: <0b5e5645-be76-79ce-8db2-16315a86b261@gmail.com>
[2026-08-18T07:34:45.812Z] ✅ Email successfully sent to faarax@gmail.com — ID: <2461c4d6-0181-bb62-c33c-2261cfe04661@gmail.com>
